05-05 18:28:44.921 E/BufferQueueProducer( 7127): [SurfaceView[com.winland.server/com.winland.server.DisplayActivity]#2(BLAST Consumer)2](id:1bd700000004,api:0,p:-1,c:7127) dequeueBuffer: BufferQueue has been abandoned
05-05 18:28:44.954 E/BufferQueueProducer( 7127): [SurfaceView[com.winland.server/com.winland.server.DisplayActivity]#2(BLAST Consumer)2](id:1bd700000004,api:0,p:-1,c:7127) query: BufferQueue has been abandoned
05-05 18:28:44.955 E/BufferQueueProducer( 7127): [SurfaceView[com.winland.server/com.winland.server.DisplayActivity]#2(BLAST Consumer)2](id:1bd700000004,api:0,p:-1,c:7127) dequeueBuffer: BufferQueue has been abandoned
05-05 18:28:44.987 E/BufferQueueProducer( 7127): [SurfaceView[com.winland.server/com.winland.server.DisplayActivity]#2(BLAST Consumer)2](id:1bd700000004,api:0,p:-1,c:7127) query: BufferQueue has been abandoned
05-05 18:28:44.987 E/BufferQueueProducer( 7127): [SurfaceView[com.winland.server/com.winland.server.DisplayActivity]#2(BLAST Consumer)2](id:1bd700000004,api:0,p:-1,c:7127) dequeueBuffer: BufferQueue has been abandoned
05-05 18:28:45.020 E/BufferQueueProducer( 7127): [SurfaceView[com.winland.server/com.winland.server.DisplayActivity]#2(BLAST Consumer)2](id:1bd700000004,api:0,p:-1,c:7127) query: BufferQueue has been abandoned
05-05 18:28:45.020 E/BufferQueueProducer( 7127): [SurfaceView[com.winland.server/com.winland.server.DisplayActivity]#2(BLAST Consumer)2](id:1bd700000004,api:0,p:-1,c:7127) dequeueBuffer: BufferQueue has been abandoned
05-05 18:28:45.053 E/BufferQueueProducer( 7127): [SurfaceView[com.winland.server/com.winland.server.DisplayActivity]#2(BLAST Consumer)2](id:1bd700000004,api:0,p:-1,c:7127) query: BufferQueue has been abandoned
05-05 18:28:45.053 E/BufferQueueProducer( 7127): [SurfaceView[com.winland.server/com.winland.server.DisplayActivity]#2(BLAST Consumer)2](id:1bd700000004,api:0,p:-1,c:7127) dequeueBuffer: BufferQueue has been abandoned
05-05 18:28:45.086 E/BufferQueueProducer( 7127): [SurfaceView[com.winland.server/com.winland.server.DisplayActivity]#2(BLAST Consumer)2](id:1bd700000004,api:0,p:-1,c:7127) query: BufferQueue has been abandoned
05-05 18:28:45.086 E/BufferQueueProducer( 7127): [SurfaceView[com.winland.server/com.winland.server.DisplayActivity]#2(BLAST Consumer)2](id:1bd700000004,api:0,p:-1,c:7127) dequeueBuffer: BufferQueue has been abandoned
05-05 18:28:45.118 E/BufferQueueProducer( 7127): [SurfaceView[com.winland.server/com.winland.server.DisplayActivity]#2(BLAST Consumer)2](id:1bd700000004,api:0,p:-1,c:7127) query: BufferQueue has been abandoned
05-05 18:28:45.118 E/BufferQueueProducer( 7127): [SurfaceView[com.winland.server/com.winland.server.DisplayActivity]#2(BLAST Consumer)2](id:1bd700000004,api:0,p:-1,c:7127) dequeueBuffer: BufferQueue has been abandoned
05-05 18:28:45.151 E/BufferQueueProducer( 7127): [SurfaceView[com.winland.server/com.winland.server.DisplayActivity]#2(BLAST Consumer)2](id:1bd700000004,api:0,p:-1,c:7127) query: BufferQueue has been abandoned
05-05 18:28:45.151 E/BufferQueueProducer( 7127): [SurfaceView[com.winland.server/com.winland.server.DisplayActivity]#2(BLAST Consumer)2](id:1bd700000004,api:0,p:-1,c:7127) dequeueBuffer: BufferQueue has been abandoned
05-05 18:28:45.184 E/BufferQueueProducer( 7127): [SurfaceView[com.winland.server/com.winland.server.DisplayActivity]#2(BLAST Consumer)2](id:1bd700000004,api:0,p:-1,c:7127) query: BufferQueue has been abandoned
05-05 18:28:45.184 E/BufferQueueProducer( 7127): [SurfaceView[com.winland.server/com.winland.server.DisplayActivity]#2(BLAST Consumer)2](id:1bd700000004,api:0,p:-1,c:7127) dequeueBuffer: BufferQueue has been abandoned
05-05 18:28:45.217 I/WinlandNative( 7127): uniffi_winland_core::core::config: resolve_rootfs_dir: auto-detected: /data/data/com.winland.server/files/rootfs_ubuntu
05-05 18:28:45.217 I/WinlandNative( 7127): uniffi_winland_core::core::config: resolve_rootfs_dir: auto-detected: /data/data/com.winland.server/files/rootfs_ubuntu
05-05 18:28:45.217 I/WinlandNative( 7127): uniffi_winland_core::android::backend::wayland::smithay_runtime: XKB: Configured XKB_CONFIG_ROOT=/data/user/0/com.winland.server/files/rootfs_ubuntu/usr/share/X11/xkb
05-05 18:28:45.217 I/WinlandNative( 7127): uniffi_winland_core::android::backend::wayland::smithay_runtime: XKB: Configuration directory found at /data/user/0/com.winland.server/files/rootfs_ubuntu/usr/share/X11/xkb
05-05 18:28:45.218 I/WinlandNative( 7127): uniffi_winland_core::android::backend::wayland::smithay_runtime: SmithayRuntime: Verified XKB rules exist at /data/user/0/com.winland.server/files/rootfs_ubuntu/usr/share/X11/xkb/rules/evdev
05-05 18:28:45.248 I/WinlandNative( 7127): uniffi_winland_core::android::backend::wayland::smithay_runtime: WinlandV2: Final binding path: /data/data/com.winland.server/files/tmp/wayland-0
05-05 18:28:45.248 I/WinlandNative( 7127): uniffi_winland_core::android::backend::wayland::smithay_runtime: --- [Winland-Alpha-Final-V3] --- Wayland socket bound at "/data/data/com.winland.server/files/tmp/wayland-0". Applying 0666 permissions via libc::chmod loop.
05-05 18:28:45.399 I/WinlandNative( 7127): uniffi_winland_core::android::backend::wayland::smithay_runtime: SmithayRuntime: listening on /data/data/com.winland.server/files/tmp/wayland-0
05-05 18:28:45.399 I/WinlandNative( 7127): uniffi_winland_core::android::backend::wayland::smithay_runtime: XWayland: stderr will be written to /data/data/com.winland.server/files/tmp/xwayland-stderr.log
05-05 18:28:45.399 I/WinlandNative( 7127): uniffi_winland_core::android::backend::wayland::smithay_runtime: XWayland: preparing persistent X11 socket in /data/user/0/com.winland.server/files/tmp/.X11-unix
05-05 18:28:45.400 I/WinlandNative( 7127): uniffi_winland_core::android::backend::wayland::smithay_runtime: XWayland: prepared X11 socket X0 at /data/user/0/com.winland.server/files/tmp/.X11-unix
05-05 18:28:45.400 W/WinlandNative( 7127): uniffi_winland_core::android::backend::wayland::smithay_runtime: SmithayRuntime: drop: WaylandServer dropped path=/data/data/com.winland.server/files/tmp/wayland-0 accepted_clients=0
05-05 18:28:45.401 E/WinlandNative( 7127): uniffi_winland_core::android::backend::wayland::smithay_runtime: SmithayRuntime: pump: socket missing while server alive path=/data/data/com.winland.server/files/tmp/wayland-0
05-05 18:28:45.401 E/BufferQueueProducer( 7127): [SurfaceView[com.winland.server/com.winland.server.DisplayActivity]#2(BLAST Consumer)2](id:1bd700000004,api:0,p:-1,c:7127) query: BufferQueue has been abandoned
05-05 18:28:45.401 E/BufferQueueProducer( 7127): [SurfaceView[com.winland.server/com.winland.server.DisplayActivity]#2(BLAST Consumer)2](id:1bd700000004,api:0,p:-1,c:7127) dequeueBuffer: BufferQueue has been abandoned
05-05 18:28:45.434 E/BufferQueueProducer( 7127): [SurfaceView[com.winland.server/com.winland.server.DisplayActivity]#2(BLAST Consumer)2](id:1bd700000004,api:0,p:-1,c:7127) query: BufferQueue has been abandoned
05-05 18:28:45.434 E/BufferQueueProducer( 7127): [SurfaceView[com.winland.server/com.winland.server.DisplayActivity]#2(BLAST Consumer)2](id:1bd700000004,api:0,p:-1,c:7127) dequeueBuffer: BufferQueue has been abandoned
05-05 18:28:45.467 E/BufferQueueProducer( 7127): [SurfaceView[com.winland.server/com.winland.server.DisplayActivity]#2(BLAST Consumer)2](id:1bd700000004,api:0,p:-1,c:7127) query: BufferQueue has been abandoned
05-05 18:28:45.467 E/BufferQueueProducer( 7127): [SurfaceView[com.winland.server/com.winland.server.DisplayActivity]#2(BLAST Consumer)2](id:1bd700000004,api:0,p:-1,c:7127) dequeueBuffer: BufferQueue has been abandoned
05-05 18:28:45.500 E/BufferQueueProducer( 7127): [SurfaceView[com.winland.server/com.winland.server.DisplayActivity]#2(BLAST Consumer)2](id:1bd700000004,api:0,p:-1,c:7127) query: BufferQueue has been abandoned
05-05 18:28:45.500 E/BufferQueueProducer( 7127): [SurfaceView[com.winland.server/com.winland.server.DisplayActivity]#2(BLAST Consumer)2](id:1bd700000004,api:0,p:-1,c:7127) dequeueBuffer: BufferQueue has been abandoned
05-05 18:28:45.532 E/BufferQueueProducer( 7127): [SurfaceView[com.winland.server/com.winland.server.DisplayActivity]#2(BLAST Consumer)2](id:1bd700000004,api:0,p:-1,c:7127) query: BufferQueue has been abandoned
05-05 18:28:45.532 E/BufferQueueProducer( 7127): [SurfaceView[com.winland.server/com.winland.server.DisplayActivity]#2(BLAST Consumer)2](id:1bd700000004,api:0,p:-1,c:7127) dequeueBuffer: BufferQueue has been abandoned
05-05 18:28:45.565 E/BufferQueueProducer( 7127): [SurfaceView[com.winland.server/com.winland.server.DisplayActivity]#2(BLAST Consumer)2](id:1bd700000004,api:0,p:-1,c:7127) query: BufferQueue has been abandoned
05-05 18:28:45.565 E/BufferQueueProducer( 7127): [SurfaceView[com.winland.server/com.winland.server.DisplayActivity]#2(BLAST Consumer)2](id:1bd700000004,api:0,p:-1,c:7127) dequeueBuffer: BufferQueue has been abandoned
05-05 18:28:45.598 E/BufferQueueProducer( 7127): [SurfaceView[com.winland.server/com.winland.server.DisplayActivity]#2(BLAST Consumer)2](id:1bd700000004,api:0,p:-1,c:7127) query: BufferQueue has been abandoned
05-05 18:28:45.599 E/BufferQueueProducer( 7127): [SurfaceView[com.winland.server/com.winland.server.DisplayActivity]#2(BLAST Consumer)2](id:1bd700000004,api:0,p:-1,c:7127) dequeueBuffer: BufferQueue has been abandoned
05-05 18:28:45.633 E/BufferQueueProducer( 7127): [SurfaceView[com.winland.server/com.winland.server.DisplayActivity]#2(BLAST Consumer)2](id:1bd700000004,api:0,p:-1,c:7127) query: BufferQueue has been abandoned
05-05 18:28:45.633 E/BufferQueueProducer( 7127): [SurfaceView[com.winland.server/com.winland.server.DisplayActivity]#2(BLAST Consumer)2](id:1bd700000004,api:0,p:-1,c:7127) dequeueBuffer: BufferQueue has been abandoned
05-05 18:28:45.665 E/BufferQueueProducer( 7127): [SurfaceView[com.winland.server/com.winland.server.DisplayActivity]#2(BLAST Consumer)2](id:1bd700000004,api:0,p:-1,c:7127) query: BufferQueue has been abandoned
05-05 18:28:45.665 E/BufferQueueProducer( 7127): [SurfaceView[com.winland.server/com.winland.server.DisplayActivity]#2(BLAST Consumer)2](id:1bd700000004,api:0,p:-1,c:7127) dequeueBuffer: BufferQueue has been abandoned
05-05 18:28:45.699 E/BufferQueueProducer( 7127): [SurfaceView[com.winland.server/com.winland.server.DisplayActivity]#2(BLAST Consumer)2](id:1bd700000004,api:0,p:-1,c:7127) query: BufferQueue has been abandoned
05-05 18:28:45.699 E/BufferQueueProducer( 7127): [SurfaceView[com.winland.server/com.winland.server.DisplayActivity]#2(BLAST Consumer)2](id:1bd700000004,api:0,p:-1,c:7127) dequeueBuffer: BufferQueue has been abandoned
05-05 18:28:45.733 E/BufferQueueProducer( 7127): [SurfaceView[com.winland.server/com.winland.server.DisplayActivity]#2(BLAST Consumer)2](id:1bd700000004,api:0,p:-1,c:7127) query: BufferQueue has been abandoned
05-05 18:28:45.733 E/BufferQueueProducer( 7127): [SurfaceView[com.winland.server/com.winland.server.DisplayActivity]#2(BLAST Consumer)2](id:1bd700000004,api:0,p:-1,c:7127) dequeueBuffer: BufferQueue has been abandoned
05-05 18:28:45.766 E/BufferQueueProducer( 7127): [SurfaceView[com.winland.server/com.winland.server.DisplayActivity]#2(BLAST Consumer)2](id:1bd700000004,api:0,p:-1,c:7127) query: BufferQueue has been abandoned
05-05 18:28:45.766 E/BufferQueueProducer( 7127): [SurfaceView[com.winland.server/com.winland.server.DisplayActivity]#2(BLAST Consumer)2](id:1bd700000004,api:0,p:-1,c:7127) dequeueBuffer: BufferQueue has been abandoned
05-05 18:28:45.791 I/AppLocaleUtil( 2612): Can display preference - [com.winland.server] : isDisallowedPackage : false / isSignedWithPlatformKey : false / hasLauncherEntry : true / canDisplay : false
05-05 18:28:45.792 I/AppLocaleUtil( 2612): Can display preference - [com.winland.server] : isDisallowedPackage : false / isSignedWithPlatformKey : false / hasLauncherEntry : true / canDisplay : false
05-05 18:28:45.799 E/BufferQueueProducer( 7127): [SurfaceView[com.winland.server/com.winland.server.DisplayActivity]#2(BLAST Consumer)2](id:1bd700000004,api:0,p:-1,c:7127) query: BufferQueue has been abandoned
05-05 18:28:45.799 E/BufferQueueProducer( 7127): [SurfaceView[com.winland.server/com.winland.server.DisplayActivity]#2(BLAST Consumer)2](id:1bd700000004,api:0,p:-1,c:7127) dequeueBuffer: BufferQueue has been abandoned
05-05 18:28:45.836 E/BufferQueueProducer( 7127): [SurfaceView[com.winland.server/com.winland.server.DisplayActivity]#2(BLAST Consumer)2](id:1bd700000004,api:0,p:-1,c:7127) query: BufferQueue has been abandoned
05-05 18:28:45.836 E/BufferQueueProducer( 7127): [SurfaceView[com.winland.server/com.winland.server.DisplayActivity]#2(BLAST Consumer)2](id:1bd700000004,api:0,p:-1,c:7127) dequeueBuffer: BufferQueue has been abandoned
05-05 18:28:45.870 E/BufferQueueProducer( 7127): [SurfaceView[com.winland.server/com.winland.server.DisplayActivity]#2(BLAST Consumer)2](id:1bd700000004,api:0,p:-1,c:7127) query: BufferQueue has been abandoned
05-05 18:28:45.870 E/BufferQueueProducer( 7127): [SurfaceView[com.winland.server/com.winland.server.DisplayActivity]#2(BLAST Consumer)2](id:1bd700000004,api:0,p:-1,c:7127) dequeueBuffer: BufferQueue has been abandoned
05-05 18:28:45.903 E/BufferQueueProducer( 7127): [SurfaceView[com.winland.server/com.winland.server.DisplayActivity]#2(BLAST Consumer)2](id:1bd700000004,api:0,p:-1,c:7127) query: BufferQueue has been abandoned
05-05 18:28:45.903 E/BufferQueueProducer( 7127): [SurfaceView[com.winland.server/com.winland.server.DisplayActivity]#2(BLAST Consumer)2](id:1bd700000004,api:0,p:-1,c:7127) dequeueBuffer: BufferQueue has been abandoned
05-05 18:28:45.938 E/BufferQueueProducer( 7127): [SurfaceView[com.winland.server/com.winland.server.DisplayActivity]#2(BLAST Consumer)2](id:1bd700000004,api:0,p:-1,c:7127) query: BufferQueue has been abandoned
05-05 18:28:45.938 E/BufferQueueProducer( 7127): [SurfaceView[com.winland.server/com.winland.server.DisplayActivity]#2(BLAST Consumer)2](id:1bd700000004,api:0,p:-1,c:7127) dequeueBuffer: BufferQueue has been abandoned
05-05 18:28:45.973 E/BufferQueueProducer( 7127): [SurfaceView[com.winland.server/com.winland.server.DisplayActivity]#2(BLAST Consumer)2](id:1bd700000004,api:0,p:-1,c:7127) query: BufferQueue has been abandoned
05-05 18:28:45.973 E/BufferQueueProducer( 7127): [SurfaceView[com.winland.server/com.winland.server.DisplayActivity]#2(BLAST Consumer)2](id:1bd700000004,api:0,p:-1,c:7127) dequeueBuffer: BufferQueue has been abandoned
05-05 18:28:45.997 I/AppLocaleUtil( 2612): Can display preference - [com.winland.server] : isDisallowedPackage : false / isSignedWithPlatformKey : false / hasLauncherEntry : true / canDisplay : false
05-05 18:28:46.007 E/BufferQueueProducer( 7127): [SurfaceView[com.winland.server/com.winland.server.DisplayActivity]#2(BLAST Consumer)2](id:1bd700000004,api:0,p:-1,c:7127) query: BufferQueue has been abandoned
05-05 18:28:46.007 E/BufferQueueProducer( 7127): [SurfaceView[com.winland.server/com.winland.server.DisplayActivity]#2(BLAST Consumer)2](id:1bd700000004,api:0,p:-1,c:7127) dequeueBuffer: BufferQueue has been abandoned
05-05 18:28:46.040 E/BufferQueueProducer( 7127): [SurfaceView[com.winland.server/com.winland.server.DisplayActivity]#2(BLAST Consumer)2](id:1bd700000004,api:0,p:-1,c:7127) query: BufferQueue has been abandoned
05-05 18:28:46.040 E/BufferQueueProducer( 7127): [SurfaceView[com.winland.server/com.winland.server.DisplayActivity]#2(BLAST Consumer)2](id:1bd700000004,api:0,p:-1,c:7127) dequeueBuffer: BufferQueue has been abandoned
05-05 18:28:46.074 E/BufferQueueProducer( 7127): [SurfaceView[com.winland.server/com.winland.server.DisplayActivity]#2(BLAST Consumer)2](id:1bd700000004,api:0,p:-1,c:7127) query: BufferQueue has been abandoned
05-05 18:28:46.074 E/BufferQueueProducer( 7127): [SurfaceView[com.winland.server/com.winland.server.DisplayActivity]#2(BLAST Consumer)2](id:1bd700000004,api:0,p:-1,c:7127) dequeueBuffer: BufferQueue has been abandoned
05-05 18:28:46.108 W/PackageConfigPersister( 1543): App-specific configuration not found for packageName: com.winland.server and userId: 0
05-05 18:28:46.112 E/BufferQueueProducer( 7127): [SurfaceView[com.winland.server/com.winland.server.DisplayActivity]#2(BLAST Consumer)2](id:1bd700000004,api:0,p:-1,c:7127) query: BufferQueue has been abandoned
05-05 18:28:46.112 E/BufferQueueProducer( 7127): [SurfaceView[com.winland.server/com.winland.server.DisplayActivity]#2(BLAST Consumer)2](id:1bd700000004,api:0,p:-1,c:7127) dequeueBuffer: BufferQueue has been abandoned
05-05 18:28:46.145 E/BufferQueueProducer( 7127): [SurfaceView[com.winland.server/com.winland.server.DisplayActivity]#2(BLAST Consumer)2](id:1bd700000004,api:0,p:-1,c:7127) query: BufferQueue has been abandoned
05-05 18:28:46.145 E/BufferQueueProducer( 7127): [SurfaceView[com.winland.server/com.winland.server.DisplayActivity]#2(BLAST Consumer)2](id:1bd700000004,api:0,p:-1,c:7127) dequeueBuffer: BufferQueue has been abandoned
05-05 18:28:46.151 W/BroadcastQueue( 1543): Background execution not allowed: receiving Intent { act=android.intent.action.DROPBOX_ENTRY_ADDED flg=0x10 (has extras) } to com.google.android.gms/.stats.service.DropBoxEntryAddedReceiver
05-05 18:28:46.178 E/BufferQueueProducer( 7127): [SurfaceView[com.winland.server/com.winland.server.DisplayActivity]#2(BLAST Consumer)2](id:1bd700000004,api:0,p:-1,c:7127) query: BufferQueue has been abandoned
05-05 18:28:46.178 E/BufferQueueProducer( 7127): [SurfaceView[com.winland.server/com.winland.server.DisplayActivity]#2(BLAST Consumer)2](id:1bd700000004,api:0,p:-1,c:7127) dequeueBuffer: BufferQueue has been abandoned
05-05 18:28:46.210 E/BufferQueueProducer( 7127): [SurfaceView[com.winland.server/com.winland.server.DisplayActivity]#2(BLAST Consumer)2](id:1bd700000004,api:0,p:-1,c:7127) query: BufferQueue has been abandoned
05-05 18:28:46.211 E/BufferQueueProducer( 7127): [SurfaceView[com.winland.server/com.winland.server.DisplayActivity]#2(BLAST Consumer)2](id:1bd700000004,api:0,p:-1,c:7127) dequeueBuffer: BufferQueue has been abandoned
05-05 18:28:46.218 I/Role    ( 2214): com.winland.server not qualified for android.app.role.HOME due to missing RequiredComponent{mIntentFilterData=IntentFilterData{mAction='android.intent.action.MAIN', mCategories='[android.intent.category.HOME]', mDataScheme='null', mDataType='null'}, mMinTargetSdkVersion=1, mPermission='null', mQueryFlags=0, mMetaData=[]}
05-05 18:28:46.223 I/Role    ( 2214): com.winland.server not qualified for android.app.role.DIALER due to missing RequiredComponent{mIntentFilterData=IntentFilterData{mAction='android.intent.action.DIAL', mCategories='[]', mDataScheme='null', mDataType='null'}, mMinTargetSdkVersion=1, mPermission='null', mQueryFlags=0, mMetaData=[]}
05-05 18:28:46.224 I/Role    ( 2214): com.winland.server not qualified for android.app.role.SMS due to missing RequiredComponent{mIntentFilterData=IntentFilterData{mAction='android.provider.Telephony.SMS_DELIVER', mCategories='[]', mDataScheme='null', mDataType='null'}, mMinTargetSdkVersion=1, mPermission='android.permission.BROADCAST_SMS', mQueryFlags=0, mMetaData=[]}
05-05 18:28:46.249 E/BufferQueueProducer( 7127): [SurfaceView[com.winland.server/com.winland.server.DisplayActivity]#2(BLAST Consumer)2](id:1bd700000004,api:0,p:-1,c:7127) query: BufferQueue has been abandoned
05-05 18:28:46.249 E/BufferQueueProducer( 7127): [SurfaceView[com.winland.server/com.winland.server.DisplayActivity]#2(BLAST Consumer)2](id:1bd700000004,api:0,p:-1,c:7127) dequeueBuffer: BufferQueue has been abandoned
05-05 18:28:46.283 E/BufferQueueProducer( 7127): [SurfaceView[com.winland.server/com.winland.server.DisplayActivity]#2(BLAST Consumer)2](id:1bd700000004,api:0,p:-1,c:7127) query: BufferQueue has been abandoned
05-05 18:28:46.283 E/BufferQueueProducer( 7127): [SurfaceView[com.winland.server/com.winland.server.DisplayActivity]#2(BLAST Consumer)2](id:1bd700000004,api:0,p:-1,c:7127) dequeueBuffer: BufferQueue has been abandoned
05-05 18:28:46.316 E/BufferQueueProducer( 7127): [SurfaceView[com.winland.server/com.winland.server.DisplayActivity]#2(BLAST Consumer)2](id:1bd700000004,api:0,p:-1,c:7127) query: BufferQueue has been abandoned
05-05 18:28:46.317 E/BufferQueueProducer( 7127): [SurfaceView[com.winland.server/com.winland.server.DisplayActivity]#2(BLAST Consumer)2](id:1bd700000004,api:0,p:-1,c:7127) dequeueBuffer: BufferQueue has been abandoned
05-05 18:28:46.351 E/BufferQueueProducer( 7127): [SurfaceView[com.winland.server/com.winland.server.DisplayActivity]#2(BLAST Consumer)2](id:1bd700000004,api:0,p:-1,c:7127) query: BufferQueue has been abandoned
05-05 18:28:46.351 E/BufferQueueProducer( 7127): [SurfaceView[com.winland.server/com.winland.server.DisplayActivity]#2(BLAST Consumer)2](id:1bd700000004,api:0,p:-1,c:7127) dequeueBuffer: BufferQueue has been abandoned
05-05 18:28:46.388 E/BufferQueueProducer( 7127): [SurfaceView[com.winland.server/com.winland.server.DisplayActivity]#2(BLAST Consumer)2](id:1bd700000004,api:0,p:-1,c:7127) query: BufferQueue has been abandoned
05-05 18:28:46.388 E/BufferQueueProducer( 7127): [SurfaceView[com.winland.server/com.winland.server.DisplayActivity]#2(BLAST Consumer)2](id:1bd700000004,api:0,p:-1,c:7127) dequeueBuffer: BufferQueue has been abandoned
05-05 18:28:46.422 E/BufferQueueProducer( 7127): [SurfaceView[com.winland.server/com.winland.server.DisplayActivity]#2(BLAST Consumer)2](id:1bd700000004,api:0,p:-1,c:7127) query: BufferQueue has been abandoned
05-05 18:28:46.422 E/BufferQueueProducer( 7127): [SurfaceView[com.winland.server/com.winland.server.DisplayActivity]#2(BLAST Consumer)2](id:1bd700000004,api:0,p:-1,c:7127) dequeueBuffer: BufferQueue has been abandoned
05-05 18:28:46.458 E/BufferQueueProducer( 7127): [SurfaceView[com.winland.server/com.winland.server.DisplayActivity]#2(BLAST Consumer)2](id:1bd700000004,api:0,p:-1,c:7127) query: BufferQueue has been abandoned
05-05 18:28:46.458 E/BufferQueueProducer( 7127): [SurfaceView[com.winland.server/com.winland.server.DisplayActivity]#2(BLAST Consumer)2](id:1bd700000004,api:0,p:-1,c:7127) dequeueBuffer: BufferQueue has been abandoned
05-05 18:28:46.492 E/BufferQueueProducer( 7127): [SurfaceView[com.winland.server/com.winland.server.DisplayActivity]#2(BLAST Consumer)2](id:1bd700000004,api:0,p:-1,c:7127) query: BufferQueue has been abandoned
05-05 18:28:46.493 E/BufferQueueProducer( 7127): [SurfaceView[com.winland.server/com.winland.server.DisplayActivity]#2(BLAST Consumer)2](id:1bd700000004,api:0,p:-1,c:7127) dequeueBuffer: BufferQueue has been abandoned
05-05 18:28:46.525 E/BufferQueueProducer( 7127): [SurfaceView[com.winland.server/com.winland.server.DisplayActivity]#2(BLAST Consumer)2](id:1bd700000004,api:0,p:-1,c:7127) query: BufferQueue has been abandoned
05-05 18:28:46.525 E/BufferQueueProducer( 7127): [SurfaceView[com.winland.server/com.winland.server.DisplayActivity]#2(BLAST Consumer)2](id:1bd700000004,api:0,p:-1,c:7127) dequeueBuffer: BufferQueue has been abandoned
05-05 18:28:46.558 E/BufferQueueProducer( 7127): [SurfaceView[com.winland.server/com.winland.server.DisplayActivity]#2(BLAST Consumer)2](id:1bd700000004,api:0,p:-1,c:7127) query: BufferQueue has been abandoned
05-05 18:28:46.558 E/BufferQueueProducer( 7127): [SurfaceView[com.winland.server/com.winland.server.DisplayActivity]#2(BLAST Consumer)2](id:1bd700000004,api:0,p:-1,c:7127) dequeueBuffer: BufferQueue has been abandoned
05-05 18:28:46.591 E/BufferQueueProducer( 7127): [SurfaceView[com.winland.server/com.winland.server.DisplayActivity]#2(BLAST Consumer)2](id:1bd700000004,api:0,p:-1,c:7127) query: BufferQueue has been abandoned
05-05 18:28:46.591 E/BufferQueueProducer( 7127): [SurfaceView[com.winland.server/com.winland.server.DisplayActivity]#2(BLAST Consumer)2](id:1bd700000004,api:0,p:-1,c:7127) dequeueBuffer: BufferQueue has been abandoned
05-05 18:28:46.624 E/BufferQueueProducer( 7127): [SurfaceView[com.winland.server/com.winland.server.DisplayActivity]#2(BLAST Consumer)2](id:1bd700000004,api:0,p:-1,c:7127) query: BufferQueue has been abandoned
05-05 18:28:46.624 E/BufferQueueProducer( 7127): [SurfaceView[com.winland.server/com.winland.server.DisplayActivity]#2(BLAST Consumer)2](id:1bd700000004,api:0,p:-1,c:7127) dequeueBuffer: BufferQueue has been abandoned
05-05 18:28:46.657 E/BufferQueueProducer( 7127): [SurfaceView[com.winland.server/com.winland.server.DisplayActivity]#2(BLAST Consumer)2](id:1bd700000004,api:0,p:-1,c:7127) query: BufferQueue has been abandoned
05-05 18:28:46.657 E/BufferQueueProducer( 7127): [SurfaceView[com.winland.server/com.winland.server.DisplayActivity]#2(BLAST Consumer)2](id:1bd700000004,api:0,p:-1,c:7127) dequeueBuffer: BufferQueue has been abandoned
05-05 18:28:46.689 E/BufferQueueProducer( 7127): [SurfaceView[com.winland.server/com.winland.server.DisplayActivity]#2(BLAST Consumer)2](id:1bd700000004,api:0,p:-1,c:7127) query: BufferQueue has been abandoned
05-05 18:28:46.689 E/BufferQueueProducer( 7127): [SurfaceView[com.winland.server/com.winland.server.DisplayActivity]#2(BLAST Consumer)2](id:1bd700000004,api:0,p:-1,c:7127) dequeueBuffer: BufferQueue has been abandoned
05-05 18:28:46.722 E/BufferQueueProducer( 7127): [SurfaceView[com.winland.server/com.winland.server.DisplayActivity]#2(BLAST Consumer)2](id:1bd700000004,api:0,p:-1,c:7127) query: BufferQueue has been abandoned
05-05 18:28:46.722 E/BufferQueueProducer( 7127): [SurfaceView[com.winland.server/com.winland.server.DisplayActivity]#2(BLAST Consumer)2](id:1bd700000004,api:0,p:-1,c:7127) dequeueBuffer: BufferQueue has been abandoned
05-05 18:28:46.754 E/BufferQueueProducer( 7127): [SurfaceView[com.winland.server/com.winland.server.DisplayActivity]#2(BLAST Consumer)2](id:1bd700000004,api:0,p:-1,c:7127) query: BufferQueue has been abandoned
05-05 18:28:46.754 E/BufferQueueProducer( 7127): [SurfaceView[com.winland.server/com.winland.server.DisplayActivity]#2(BLAST Consumer)2](id:1bd700000004,api:0,p:-1,c:7127) dequeueBuffer: BufferQueue has been abandoned
05-05 18:28:46.787 E/BufferQueueProducer( 7127): [SurfaceView[com.winland.server/com.winland.server.DisplayActivity]#2(BLAST Consumer)2](id:1bd700000004,api:0,p:-1,c:7127) query: BufferQueue has been abandoned
05-05 18:28:46.787 E/BufferQueueProducer( 7127): [SurfaceView[com.winland.server/com.winland.server.DisplayActivity]#2(BLAST Consumer)2](id:1bd700000004,api:0,p:-1,c:7127) dequeueBuffer: BufferQueue has been abandoned
05-05 18:28:46.819 E/BufferQueueProducer( 7127): [SurfaceView[com.winland.server/com.winland.server.DisplayActivity]#2(BLAST Consumer)2](id:1bd700000004,api:0,p:-1,c:7127) query: BufferQueue has been abandoned
05-05 18:28:46.820 E/BufferQueueProducer( 7127): [SurfaceView[com.winland.server/com.winland.server.DisplayActivity]#2(BLAST Consumer)2](id:1bd700000004,api:0,p:-1,c:7127) dequeueBuffer: BufferQueue has been abandoned
05-05 18:28:46.852 E/BufferQueueProducer( 7127): [SurfaceView[com.winland.server/com.winland.server.DisplayActivity]#2(BLAST Consumer)2](id:1bd700000004,api:0,p:-1,c:7127) query: BufferQueue has been abandoned
05-05 18:28:46.852 E/BufferQueueProducer( 7127): [SurfaceView[com.winland.server/com.winland.server.DisplayActivity]#2(BLAST Consumer)2](id:1bd700000004,api:0,p:-1,c:7127) dequeueBuffer: BufferQueue has been abandoned
05-05 18:28:46.885 E/BufferQueueProducer( 7127): [SurfaceView[com.winland.server/com.winland.server.DisplayActivity]#2(BLAST Consumer)2](id:1bd700000004,api:0,p:-1,c:7127) query: BufferQueue has been abandoned
05-05 18:28:46.885 E/BufferQueueProducer( 7127): [SurfaceView[com.winland.server/com.winland.server.DisplayActivity]#2(BLAST Consumer)2](id:1bd700000004,api:0,p:-1,c:7127) dequeueBuffer: BufferQueue has been abandoned
05-05 18:28:46.917 E/BufferQueueProducer( 7127): [SurfaceView[com.winland.server/com.winland.server.DisplayActivity]#2(BLAST Consumer)2](id:1bd700000004,api:0,p:-1,c:7127) query: BufferQueue has been abandoned
05-05 18:28:46.917 E/BufferQueueProducer( 7127): [SurfaceView[com.winland.server/com.winland.server.DisplayActivity]#2(BLAST Consumer)2](id:1bd700000004,api:0,p:-1,c:7127) dequeueBuffer: BufferQueue has been abandoned
05-05 18:28:46.950 E/BufferQueueProducer( 7127): [SurfaceView[com.winland.server/com.winland.server.DisplayActivity]#2(BLAST Consumer)2](id:1bd700000004,api:0,p:-1,c:7127) query: BufferQueue has been abandoned
05-05 18:28:46.950 E/BufferQueueProducer( 7127): [SurfaceView[com.winland.server/com.winland.server.DisplayActivity]#2(BLAST Consumer)2](id:1bd700000004,api:0,p:-1,c:7127) dequeueBuffer: BufferQueue has been abandoned
05-05 18:28:46.983 E/BufferQueueProducer( 7127): [SurfaceView[com.winland.server/com.winland.server.DisplayActivity]#2(BLAST Consumer)2](id:1bd700000004,api:0,p:-1,c:7127) query: BufferQueue has been abandoned
05-05 18:28:46.983 E/BufferQueueProducer( 7127): [SurfaceView[com.winland.server/com.winland.server.DisplayActivity]#2(BLAST Consumer)2](id:1bd700000004,api:0,p:-1,c:7127) dequeueBuffer: BufferQueue has been abandoned
05-05 18:28:47.016 E/BufferQueueProducer( 7127): [SurfaceView[com.winland.server/com.winland.server.DisplayActivity]#2(BLAST Consumer)2](id:1bd700000004,api:0,p:-1,c:7127) query: BufferQueue has been abandoned
05-05 18:28:47.016 E/BufferQueueProducer( 7127): [SurfaceView[com.winland.server/com.winland.server.DisplayActivity]#2(BLAST Consumer)2](id:1bd700000004,api:0,p:-1,c:7127) dequeueBuffer: BufferQueue has been abandoned
05-05 18:28:47.049 E/BufferQueueProducer( 7127): [SurfaceView[com.winland.server/com.winland.server.DisplayActivity]#2(BLAST Consumer)2](id:1bd700000004,api:0,p:-1,c:7127) query: BufferQueue has been abandoned
05-05 18:28:47.049 E/BufferQueueProducer( 7127): [SurfaceView[com.winland.server/com.winland.server.DisplayActivity]#2(BLAST Consumer)2](id:1bd700000004,api:0,p:-1,c:7127) dequeueBuffer: BufferQueue has been abandoned
05-05 18:28:47.082 E/BufferQueueProducer( 7127): [SurfaceView[com.winland.server/com.winland.server.DisplayActivity]#2(BLAST Consumer)2](id:1bd700000004,api:0,p:-1,c:7127) query: BufferQueue has been abandoned
05-05 18:28:47.082 E/BufferQueueProducer( 7127): [SurfaceView[com.winland.server/com.winland.server.DisplayActivity]#2(BLAST Consumer)2](id:1bd700000004,api:0,p:-1,c:7127) dequeueBuffer: BufferQueue has been abandoned
05-05 18:28:47.114 E/BufferQueueProducer( 7127): [SurfaceView[com.winland.server/com.winland.server.DisplayActivity]#2(BLAST Consumer)2](id:1bd700000004,api:0,p:-1,c:7127) query: BufferQueue has been abandoned
05-05 18:28:47.114 E/BufferQueueProducer( 7127): [SurfaceView[com.winland.server/com.winland.server.DisplayActivity]#2(BLAST Consumer)2](id:1bd700000004,api:0,p:-1,c:7127) dequeueBuffer: BufferQueue has been abandoned
05-05 18:28:47.147 E/BufferQueueProducer( 7127): [SurfaceView[com.winland.server/com.winland.server.DisplayActivity]#2(BLAST Consumer)2](id:1bd700000004,api:0,p:-1,c:7127) query: BufferQueue has been abandoned
05-05 18:28:47.147 E/BufferQueueProducer( 7127): [SurfaceView[com.winland.server/com.winland.server.DisplayActivity]#2(BLAST Consumer)2](id:1bd700000004,api:0,p:-1,c:7127) dequeueBuffer: BufferQueue has been abandoned
05-05 18:28:47.180 E/BufferQueueProducer( 7127): [SurfaceView[com.winland.server/com.winland.server.DisplayActivity]#2(BLAST Consumer)2](id:1bd700000004,api:0,p:-1,c:7127) query: BufferQueue has been abandoned
05-05 18:28:47.180 E/BufferQueueProducer( 7127): [SurfaceView[com.winland.server/com.winland.server.DisplayActivity]#2(BLAST Consumer)2](id:1bd700000004,api:0,p:-1,c:7127) dequeueBuffer: BufferQueue has been abandoned
05-05 18:28:47.213 E/BufferQueueProducer( 7127): [SurfaceView[com.winland.server/com.winland.server.DisplayActivity]#2(BLAST Consumer)2](id:1bd700000004,api:0,p:-1,c:7127) query: BufferQueue has been abandoned
05-05 18:28:47.213 E/BufferQueueProducer( 7127): [SurfaceView[com.winland.server/com.winland.server.DisplayActivity]#2(BLAST Consumer)2](id:1bd700000004,api:0,p:-1,c:7127) dequeueBuffer: BufferQueue has been abandoned
05-05 18:28:47.230 I/WinlandNative( 7127): uniffi_winland_core::core::config: resolve_rootfs_dir: auto-detected: /data/data/com.winland.server/files/rootfs_ubuntu
05-05 18:28:47.230 I/WinlandNative( 7127): uniffi_winland_core::core::config: resolve_rootfs_dir: auto-detected: /data/data/com.winland.server/files/rootfs_ubuntu
05-05 18:28:47.230 I/WinlandNative( 7127): uniffi_winland_core::android::backend::wayland::smithay_runtime: XKB: Configured XKB_CONFIG_ROOT=/data/user/0/com.winland.server/files/rootfs_ubuntu/usr/share/X11/xkb
05-05 18:28:47.230 I/WinlandNative( 7127): uniffi_winland_core::android::backend::wayland::smithay_runtime: XKB: Configuration directory found at /data/user/0/com.winland.server/files/rootfs_ubuntu/usr/share/X11/xkb
05-05 18:28:47.231 I/WinlandNative( 7127): uniffi_winland_core::android::backend::wayland::smithay_runtime: SmithayRuntime: Verified XKB rules exist at /data/user/0/com.winland.server/files/rootfs_ubuntu/usr/share/X11/xkb/rules/evdev
05-05 18:28:47.236 W/PackageConfigPersister( 1543): App-specific configuration not found for packageName: com.winland.server and userId: 0
05-05 18:28:47.259 I/WinlandNative( 7127): uniffi_winland_core::android::backend::wayland::smithay_runtime: WinlandV2: Final binding path: /data/data/com.winland.server/files/tmp/wayland-0
05-05 18:28:47.259 I/WinlandNative( 7127): uniffi_winland_core::android::backend::wayland::smithay_runtime: --- [Winland-Alpha-Final-V3] --- Wayland socket bound at "/data/data/com.winland.server/files/tmp/wayland-0". Applying 0666 permissions via libc::chmod loop.
05-05 18:28:47.410 I/WinlandNative( 7127): uniffi_winland_core::android::backend::wayland::smithay_runtime: SmithayRuntime: listening on /data/data/com.winland.server/files/tmp/wayland-0
05-05 18:28:47.410 I/WinlandNative( 7127): uniffi_winland_core::android::backend::wayland::smithay_runtime: XWayland: stderr will be written to /data/data/com.winland.server/files/tmp/xwayland-stderr.log
05-05 18:28:47.410 I/WinlandNative( 7127): uniffi_winland_core::android::backend::wayland::smithay_runtime: XWayland: preparing persistent X11 socket in /data/user/0/com.winland.server/files/tmp/.X11-unix
05-05 18:28:47.411 I/WinlandNative( 7127): uniffi_winland_core::android::backend::wayland::smithay_runtime: XWayland: prepared X11 socket X0 at /data/user/0/com.winland.server/files/tmp/.X11-unix
05-05 18:28:47.411 W/WinlandNative( 7127): uniffi_winland_core::android::backend::wayland::smithay_runtime: SmithayRuntime: drop: WaylandServer dropped path=/data/data/com.winland.server/files/tmp/wayland-0 accepted_clients=0
05-05 18:28:47.412 E/WinlandNative( 7127): uniffi_winland_core::android::backend::wayland::smithay_runtime: SmithayRuntime: pump: socket missing while server alive path=/data/data/com.winland.server/files/tmp/wayland-0
05-05 18:28:47.429 E/BufferQueueProducer( 7127): [SurfaceView[com.winland.server/com.winland.server.DisplayActivity]#2(BLAST Consumer)2](id:1bd700000004,api:0,p:-1,c:7127) query: BufferQueue has been abandoned
05-05 18:28:47.429 E/BufferQueueProducer( 7127): [SurfaceView[com.winland.server/com.winland.server.DisplayActivity]#2(BLAST Consumer)2](id:1bd700000004,api:0,p:-1,c:7127) dequeueBuffer: BufferQueue has been abandoned
05-05 18:28:47.462 E/BufferQueueProducer( 7127): [SurfaceView[com.winland.server/com.winland.server.DisplayActivity]#2(BLAST Consumer)2](id:1bd700000004,api:0,p:-1,c:7127) query: BufferQueue has been abandoned
05-05 18:28:47.462 E/BufferQueueProducer( 7127): [SurfaceView[com.winland.server/com.winland.server.DisplayActivity]#2(BLAST Consumer)2](id:1bd700000004,api:0,p:-1,c:7127) dequeueBuffer: BufferQueue has been abandoned
05-05 18:28:47.495 E/BufferQueueProducer( 7127): [SurfaceView[com.winland.server/com.winland.server.DisplayActivity]#2(BLAST Consumer)2](id:1bd700000004,api:0,p:-1,c:7127) query: BufferQueue has been abandoned
05-05 18:28:47.495 E/BufferQueueProducer( 7127): [SurfaceView[com.winland.server/com.winland.server.DisplayActivity]#2(BLAST Consumer)2](id:1bd700000004,api:0,p:-1,c:7127) dequeueBuffer: BufferQueue has been abandoned
05-05 18:28:47.502 D/AppButtonsPrefCtl( 2612): Stopping package com.winland.server
05-05 18:28:47.504 I/ActivityManager( 1543): Force stopping com.winland.server appid=10209 user=0: from pid 2612
05-05 18:28:47.505 I/ActivityManager( 1543): Killing 7127:com.winland.server/u0a209 (adj 50): stop com.winland.server due to from pid 2612
05-05 18:28:47.509 W/ActivityTaskManager( 1543): Force removing ActivityRecord{a308f97 u0 com.winland.server/.MainActivity} t4332 f}}: app died, no saved state
05-05 18:28:47.509 W/InputManager-JNI( 1543): Input channel object 'b313d95 com.winland.server/com.winland.server.MainActivity (client)' was disposed without first being removed with the input manager!
05-05 18:28:47.513 W/UsageStatsService( 1543): Unexpected activity event reported! (com.winland.server/com.winland.server.MainActivity event : 23 instanceId : 193915414)
05-05 18:28:47.518 D/AppButtonsPrefCtl( 2612): Sending broadcast to query restart status for com.winland.server
05-05 18:28:47.521 D/CarrierSvcBindHelper( 2574): onHandleForceStop: [com.winland.server]
05-05 18:28:47.564 V/ActivityManager( 1543): Got obituary of 7127:com.winland.server
05-05 18:28:47.618 W/PackageConfigPersister( 1543): App-specific configuration not found for packageName: com.winland.server and userId: 0
05-05 18:28:47.620 D/AppButtonsPrefCtl( 2612): Sending broadcast to query restart status for com.winland.server
05-05 18:28:47.623 D/AppButtonsPrefCtl( 2612): Sending broadcast to query restart status for com.winland.server
05-05 18:28:47.655 I/Camera2ClientBase( 1252): Closed Camera 0. Client was: com.winland.server (PID 7127, UID 10209)
05-05 18:28:47.709 W/PackageConfigPersister( 1543): App-specific configuration not found for packageName: com.winland.server and userId: 0
05-05 18:28:47.711 D/AppButtonsPrefCtl( 2612): Sending broadcast to query restart status for com.winland.server
05-05 18:28:47.715 D/AppButtonsPrefCtl( 2612): Got broadcast response: Restart status for com.winland.server false
05-05 18:28:47.719 D/AppButtonsPrefCtl( 2612): Got broadcast response: Restart status for com.winland.server false
05-05 18:28:47.724 D/AppButtonsPrefCtl( 2612): Got broadcast response: Restart status for com.winland.server false
05-05 18:28:47.764 D/AppButtonsPrefCtl( 2612): Got broadcast response: Restart status for com.winland.server false
05-05 18:28:50.277 I/ActivityTaskManager( 1543): START u0 {act=android.intent.action.MAIN cat=[android.intent.category.LAUNCHER] flg=0x10300000 cmp=com.winland.server/.MainActivity} from uid 10153
05-05 18:28:50.329 I/ActivityManager( 1543): Start proc 7906:com.winland.server/u0a209 for next-top-activity {com.winland.server/com.winland.server.MainActivity}
05-05 18:28:50.331 D/CoreBackPreview( 1543): Window{b43c386 u0 Splash Screen com.winland.server}: Setting back callback OnBackInvokedCallbackInfo{mCallback=android.window.IOnBackInvokedCallback$Stub$Proxy@d089212, mPriority=0}
05-05 18:28:50.633 I/crash_dump64( 7922): type=1400 audit(0.0:510): avc: denied { read } for name="OPlusFrameworksResTarget.apk" dev="dm-0" ino=2177562 scontext=u:r:crash_dump:s0:c209,c256,c512,c768 tcontext=u:object_r:vendor_overlay_file:s0 tclass=file permissive=1 app=com.winland.server
05-05 18:28:50.633 I/crash_dump64( 7922): type=1400 audit(0.0:511): avc: denied { open } for path="/odm/overlay/OPlusFrameworksResTarget.apk" dev="dm-0" ino=2177562 scontext=u:r:crash_dump:s0:c209,c256,c512,c768 tcontext=u:object_r:vendor_overlay_file:s0 tclass=file permissive=1 app=com.winland.server
05-05 18:28:50.633 I/crash_dump64( 7922): type=1400 audit(0.0:512): avc: denied { getattr } for path="/odm/overlay/OPlusFrameworksResTarget.apk" dev="dm-0" ino=2177562 scontext=u:r:crash_dump:s0:c209,c256,c512,c768 tcontext=u:object_r:vendor_overlay_file:s0 tclass=file permissive=1 app=com.winland.server
05-05 18:28:50.633 I/crash_dump64( 7922): type=1400 audit(0.0:513): avc: denied { map } for path="/odm/overlay/OPlusFrameworksResTarget.apk" dev="dm-0" ino=2177562 scontext=u:r:crash_dump:s0:c209,c256,c512,c768 tcontext=u:object_r:vendor_overlay_file:s0 tclass=file permissive=1 app=com.winland.server
05-05 18:28:50.633 I/crash_dump64( 7922): type=1400 audit(0.0:514): avc: denied { read } for name="odm@overlay@OPlusFrameworksResTarget.apk@idmap" dev="dm-10" ino=381 scontext=u:r:crash_dump:s0:c209,c256,c512,c768 tcontext=u:object_r:resourcecache_data_file:s0 tclass=file permissive=1 app=com.winland.server
05-05 18:28:50.633 I/crash_dump64( 7922): type=1400 audit(0.0:515): avc: denied { open } for path="/data/resource-cache/odm@overlay@OPlusFrameworksResTarget.apk@idmap" dev="dm-10" ino=381 scontext=u:r:crash_dump:s0:c209,c256,c512,c768 tcontext=u:object_r:resourcecache_data_file:s0 tclass=file permissive=1 app=com.winland.server
05-05 18:28:50.633 I/crash_dump64( 7922): type=1400 audit(0.0:516): avc: denied { getattr } for path="/data/resource-cache/odm@overlay@OPlusFrameworksResTarget.apk@idmap" dev="dm-10" ino=381 scontext=u:r:crash_dump:s0:c209,c256,c512,c768 tcontext=u:object_r:resourcecache_data_file:s0 tclass=file permissive=1 app=com.winland.server
05-05 18:28:50.677 W/BroadcastQueue( 1543): Background execution not allowed: receiving Intent { act=android.intent.action.DROPBOX_ENTRY_ADDED flg=0x10 (has extras) } to com.google.android.gms/.stats.service.DropBoxEntryAddedReceiver
05-05 18:28:50.741 I/NetworkScheduler.Stats( 3101): (REDACTED) Task %s/%s started execution. cause:%s exec_start_elapsed_seconds: %s
05-05 18:28:50.772 I/NetworkScheduler.Stats( 3101)